#-----------------------------------------------------------
# Vivado v2019.1 (64-bit)
# SW Build 2552052 on Fri May 24 14:49:42 MDT 2019
# IP Build 2548770 on Fri May 24 18:01:18 MDT 2019
# Start of session at: Tue Aug 22 22:38:09 2023
# Process ID: 12392
# Current directory: C:/Users/Brian/Desktop/proyectoarqui1/project_1
# Command line: vivado.exe -gui_launcher_event rodinguilauncherevent13248 C:\Users\Brian\Desktop\proyectoarqui1\project_1\project_1.xpr
# Log file: C:/Users/Brian/Desktop/proyectoarqui1/project_1/vivado.log
# Journal file: C:/Users/Brian/Desktop/proyectoarqui1/project_1\vivado.jou
#-----------------------------------------------------------
start_gui
open_project C:/Users/Brian/Desktop/proyectoarqui1/project_1/project_1.xpr
update_compile_order -fileset sources_1
launch_simulation
source tb_riscv.tcl
relaunch_sim
run 1000 ns
run 1000 ns
run 1000 ns
run 1000 ns
run 1000 ns
run 1000 ns
run 1000 ns
run 1000 ns
run 1000 ns
relaunch_sim
run 1000 ns
run 1000 ns
relaunch_sim
run 1000 ns
run 1000 ns
run 1000 ns
run 1000 ns
run 1000 ns
run 1000 ns
run 1000 ns
run 1000 ns
run 1000 ns
run 1000 ns
run 1000 ns
run 1000 ns
relaunch_sim
run 1000 ns
relaunch_sim
relaunch_sim
run 1000 ns
relaunch_sim
run 1000 ns
run 1000 ns
relaunch_sim
run 1000 ns
relaunch_sim
run 1000 ns
run 1000 ns
relaunch_sim
run 1000 ns
run 1000 ns
relaunch_sim
run 1000 ns
run 1000 ns
run 1000 ns
run 1000 ns
run 1000 ns
run 1000 ns
run 1000 ns
run 1000 ns
set_property -name {xsim.simulate.runtime} -value {3000ns} -objects [get_filesets sim_1]
close_sim
launch_simulation
source tb_riscv.tcl
relaunch_sim
relaunch_sim
relaunch_sim
close_sim
